// Jest Snapshot v1, https://goo.gl/fbAQLP

exports[`AppFooter matches snapshot 1`] = `
<footer
  class="footer"
>
   AppFooter 
</footer>
`;
